EKLAT_1.0 {
	global:
		___tls_get_addr;
		__assert_fail;
		__chk_fail;
		__fbufsize;
		__flfb;
		__fpending;
		__fprintf_chk;
		__fpurge;
		__freadable;
		__freadahead;
		__freading;
		__fseterr;
		__fsetlocking;
		__fwritable;
		__fwriting;
		__get_errno;
		__libc_atfork;
		__libc_start_main;
		__memcpy_chk;
		__memmove_chk;
		__memset_chk;
		__printf_chk;
		__set_errno;
		__snprintf_chk;
		__sprintf_chk;
		__stack_chk_fail;
		__stack_chk_guard;
		__stpcpy_chk;
		__strcat_chk;
		__strcpy_chk;
		__strncat_chk;
		__strncpy_chk;
		__tls_get_addr;
		__vfprintf_chk;
		__vprintf_chk;
		__vsnprintf_chk;
		__vsprintf_chk;
		_exit;
		_Exit;
		_fini;
		_flushlfb;
		_init;
		abort;
		abs;
		accept;
		access;
		addmntent;
		alarm;
		alphasort;
		asctime;
		asctime_r;
		atexit;
		atof;
		atoi;
		atol;
		atoll;
		basename;
		bind;
		bindtextdomain;
		bsearch;
		btowc;
		calloc;
		cfgetispeed;
		cfgetospeed;
		cfsetispeed;
		cfsetospeed;
		chdir;
		chmod;
		chown;
		chroot;
		clearenv;
		clearerr;
		clearerr_unlocked;
		clock;
		clock_getres;
		clock_gettime;
		clock_settime;
		clone;
		close;
		closedir;
		connect;
		creat;
		ctime;
		ctime_r;
		daemon;
		dcgettext;
		dcngettext;
		dgettext;
		difftime;
		dirfd;
		dirname;
		div;
		dl_iterate_phdr;
		dn_comp;
		dn_expand;
		dngettext;
		dprintf;
		drand48;
		dup;
		dup2;
		dup3;
		endgrent;
		endhostent;
		endmntent;
		endnetent;
		endprotoent;
		endpwent;
		endservent;
		envcmp;
		environ;
		ether_ntoa;
		erand48;
		execl;
		execle;
		execlp;
		execv;
		execve;
		execveat;
		execvp;
		exit;
		exit_group;
		faccessat;
		fchdir;
		fchmod;
		fchmodat;
		fchown;
		fchownat;
		fclose;
		fcloseall;
		fcntl;
		fdatasync;
		fdopen;
		fdopendir;
		feof;
		feof_unlocked;
		ferror;
		ferror_unlocked;
		fexecve;
		fflush;
		fflush_unlocked;
		fgetc;
		fgetc_unlocked;
		fgetgrent;
		fgetpos;
		fgetpwent;
		fgets;
		fgets_unlocked;
		fgetwc;
		fgetwc_unlocked;
		fgetws;
		fgetws_unlocked;
		fileno;
		fileno_unlocked;
		flockfile;
		fnmatch;
		fmemopen;
		fopen;
		fopencookie;
		fork;
		fpathconf;
		fprintf;
		fpurge;
		fputc;
		fputc_unlocked;
		fputs;
		fputs_unlocked;
		fputwc;
		fputwc_unlocked;
		fputws;
		fputws_unlocked;
		fread;
		fread_unlocked;
		free;
		freeaddrinfo;
		freeifaddrs;
		freopen;
		fropen;
		fscanf;
		fseek;
		fseeko;
		fsetpos;
		fstat;
		fstatat;
		fstatvfs;
		fstatvfsat;
		fsync;
		ftell;
		ftello;
		ftok;
		ftruncate;
		ftruncateat;
		ftrylockfile;
		funlockfile;
		funopen;
		futex;
		futimens;
		fwide;
		fwopen;
		fwprintf;
		fwrite;
		fwrite_unlocked;
		gai_strerror;
		getaddrinfo;
		getauxval;
		getc;
		getc_unlocked;
		getchar;
		getchar_unlocked;
		getcwd;
		getdelim;
		getdents;
		getegid;
		getenv;
		geteuid;
		getgid;
		getgrent;
		getgrgid;
		getgrgid_r;
		getgrnam;
		getgrnam_r;
		getgroups;
		gethostbyaddr;
		gethostbyname;
		gethostent;
		getifaddrs;
		getline;
		getloadavg;
		getlogin;
		getmntent;
		getnameinfo;
		getnetbyaddr;
		getnetbyname;
		getnetent;
		getopt;
		getopt_long;
		getopt_long_only;
		getpagesize;
		getpass;
		getpeername;
		getpgid;
		getpgrp;
		getpid;
		getppid;
		getpriority;
		getprogname;
		getprotobyname;
		getprotobynumber;
		getprotoent;
		getpwent;
		getpwnam;
		getpwnam_r;
		getpwuid;
		getpwuid_r;
		getrlimit;
		getrusage;
		getservbyname;
		getservbyport;
		getservent;
		getsid;
		getsockname;
		getsockopt;
		getsubopt;
		gettext;
		gettid;
		gettimeofday;
		gettls;
		getuid;
		getwc;
		getwc_unlocked;
		getwchar;
		getwchar_unlocked;
		glob;
		globfree;
		gmtime;
		gmtime_r;
		grantpt;
		hasmntopt;
		imaxdiv;
		inet_aton;
		inet_ntoa;
		inet_ntop;
		inet_pton;
		initfp;
		initgroups;
		io_close;
		ioctl;
		io_read;
		io_seek;
		io_write;
		initstate;
		insque;
		isalnum;
		isalpha;
		isascii;
		isatty;
		isblank;
		iscntrl;
		isdigit;
		isgraph;
		islower;
		isprint;
		ispunct;
		isspace;
		isupper;
		iswalnum;
		iswalpha;
		iswblank;
		iswcntrl;
		iswctype;
		iswdigit;
		iswgraph;
		iswlower;
		iswprint;
		iswpunct;
		iswspace;
		iswupper;
		iswxdigit;
		isxdigit;
		jrand48;
		kill;
		kmload;
		kmunload;
		labs;
		lchmod;
		lchown;
		lcong48;
		ldiv;
		lfind;
		link;
		linkat;
		listen;
		llabs;
		lldiv;
		localeconv;
		localtime;
		localtime_r;
		longjmp;
		lrand48;
		lsearch;
		lseek;
		lstat;
		madvise;
		makeenv;
		malloc;
		mblen;
		mbrlen;
		mbrtowc;
		mbsinit;
		mbsnrtowcs;
		mbsrtowcs;
		mbstowcs;
		mbtowc;
		memccpy;
		memchr;
		memcmp;
		memcpy;
		memmem;
		memmove;
		memrchr;
		memset;
		mkdir;
		mkdirat;
		mkdtemp;
		mkfifo;
		mkfifoat;
		mkfp;
		mknod;
		mknodat;
		mkstemp;
		mktemp;
		mktime;
		mmap;
		mount;
		mprotect;
		mrand48;
		msgctl;
		msgget;
		msgrcv;
		msgsnd;
		msync;
		munmap;
		nanosleep;
		ngettext;
		nice;
		nrand48;
		ns_initparse;
		ns_msg_getflag;
		ns_parserr;
		open;
		openat;
		opendir;
		optarg;
		opterr;
		optind;
		optopt;
		parse_flags;
		pathconf;
		pause;
		pclose;
		perror;
		pipe;
		pipe2;
		poll;
		popen;
		posix_openpt;
		ppoll;
		printf;
		printf_buf;
		pselect;
		psignal;
		ptrace;
		ptsname;
		putc;
		putc_unlocked;
		putchar;
		putchar_unlocked;
		putenv;
		putgrent;
		putpwent;
		puts;
		puts_unlocked;
		putw;
		putw_unlocked;
		putwc;
		putwc_unlocked;
		putwchar;
		putwchar_unlocked;
		qsort;
		raise;
		rand;
		random;
		read;
		readdir;
		readlink;
		readlinkat;
		readv;
		realloc;
		realpath;
		reboot;
		recv;
		recvfrom;
		recvmsg;
		regcomp;
		regerror;
		regexec;
		regfree;
		remove;
		remque;
		rename;
		renameat;
		res_nclose;
		res_ninit;
		res_nmkquery;
		res_nquery;
		res_nsend;
		rewind;
		rewinddir;
		rmdir;
		scandir;
		scanf;
		sched_yield;
		seed48;
		seekdir;
		select;
		semctl;
		semget;
		semop;
		semtimedop;
		send;
		sendmsg;
		sendto;
		setbuf;
		setegid;
		setenv;
		seteuid;
		setgid;
		setgrent;
		setgroups;
		sethostent;
		setjmp;
		setlocale;
		setmnt;
		setnetent;
		setpgid;
		setpriority;
		setprotoent;
		setpwent;
		setregid;
		setreuid;
		setrlimit;
		setservent;
		setsid;
		setsockopt;
		setstate;
		settls;
		setuid;
		setvbuf;
		shmat;
		shmctl;
		shmdt;
		shmget;
		shutdown;
		sigaction;
		sigaddset;
		sigaltstack;
		sigdelset;
		sigemptyset;
		sigfillset;
		sigismember;
		siglongjmp;
		signal;
		sigpending;
		sigprocmask;
		sigreturn;
		sigsetjmp;
		sigsuspend;
		sigwait;
		sleep;
		snprintf;
		socket;
		socketpair;
		sprintf;
		srand;
		srand48;
		srandom;
		sscanf;
		stat;
		statvfs;
		stderr;
		stdin;
		stdout;
		stpcpy;
		stpncpy;
		strcasecmp;
		strcasestr;
		strcat;
		strchr;
		strchrnul;
		strcmp;
		strcoll;
		strcpy;
		strcspn;
		strdup;
		strerror;
		strftime;
		strlcat;
		strlcpy;
		strlen;
		strncasecmp;
		strncat;
		strncmp;
		strncpy;
		strndup;
		strnlen;
		strnstr;
		strpbrk;
		strptime;
		strrchr;
		strsignal;
		strspn;
		strstr;
		strtod;
		strtof;
		strtoimax;
		strtok;
		strtok_r;
		strtol;
		strtold;
		strtoll;
		strtoul;
		strtoull;
		strtoumax;
		strxfrm;
		swprintf;
		symlink;
		symlinkat;
		syscall;
		sysconf;
		system;
		tcdrain;
		tcflow;
		tcflush;
		tcgetattr;
		tcgetpgrp;
		tcsendbreak;
		tcsetattr;
		tcsetpgrp;
		telldir;
		textdomain;
		time;
		tmpfile;
		tmpnam;
		tolower;
		toupper;
		towctrans;
		towlower;
		towupper;
		truncate;
		tzset;
		umask;
		uname;
		ungetc;
		ungetc_unlocked;
		unlink;
		unlinkat;
		unlockpt;
		unsetenv;
		usleep;
		utime;
		utimensat;
		vdprintf;
		vfork;
		vfprintf;
		vfscanf;
		vfwprintf;
		vprintf;
		vscanf;
		vsnprintf;
		vsprintf;
		vsscanf;
		vswprintf;
		vwprintf;
		wait;
		wait3;
		wait4;
		waitpid;
		wcpcpy;
		wcpncpy;
		wcrtomb;
		wcscasecmp;
		wcscat;
		wcschr;
		wcschrnul;
		wcscmp;
		wcscpy;
		wcscspn;
		wcsdup;
		wcslcat;
		wcslcpy;
		wcslen;
		wcsftime;
		wcsncasecmp;
		wcsncat;
		wcsncmp;
		wcsncpy;
		wcsndup;
		wcsnlen;
		wcsnrtombs;
		wcsnstr;
		wcspbrk;
		wcsrchr;
		wcsrtombs;
		wcsspn;
		wcsstr;
		wcstoimax;
		wcstok;
		wcstod;
		wcstof;
		wcstol;
		wcstold;
		wcstoll;
		wcstoul;
		wcstoull;
		wcstoumax;
		wctob;
		wctomb;
		wctrans;
		wctype;
		wmemccpy;
		wmemchr;
		wmemcmp;
		wmemcpy;
		wmemmem;
		wmemmove;
		wmemrchr;
		wmemset;
		wordexp;
		wordfree;
		wprintf;
		write;
		write_data;
		writev;
	local: *;
};
